
[Test_CI_Fail - 1]
Analysis:
  efficiency:        100.00 %
  wastedBytes:       131 bytes (131 B)
  userWastedPercent: 71.98 %

Inefficient Files:
Count  Wasted Space  File Path
3      80 B          /root/saved.txt
2      34 B          /root/example/somefile1.txt
2      17 B          /root/example/somefile3.txt
2      0 B           /root
10     0 B           /etc

Evaluation:
  FAIL  highestUserWastedPercent (too many bytes wasted, relative to the user bytes added (%-user-wasted-bytes=0.7197802197802198 > threshold=0.1))
  SKIP  highestWastedBytes (disabled)
  PASS  lowestEfficiency (0.9)

FAIL [pass:1 fail:1 skip:1]

---
